cargo :    Compiling vesting_contracts v0.0.0 (C:\Users\dell\Contracts\contracts\vesting_contracts)
At line:1 char:310
+ ... ;$env:LIB"; cargo build --target wasm32-unknown-unknown --release -p  ...
+                 ~~~~~~~~~~~~~~~~~~~~~~~~~~~~~~~~~~~~~~~~~~~~~~~~~~~~~~~~~
    + CategoryInfo          : NotSpecified: (   Compiling ve...ting_contracts):String) [], RemoteException
    + FullyQualifiedErrorId : NativeCommandError
 
error[E0428]: the name `__VestingContract__revoke_vault__invoke_raw` is defined multiple times
   --> contracts\vesting_contracts\src\lib.rs:359:1
    |
359 | #[contractimpl]
    | ^^^^^^^^^^^^^^^ `__VestingContract__revoke_vault__invoke_raw` redefined here
    |
    = note: `__VestingContract__revoke_vault__invoke_raw` must be defined only once in the value namespace of this 
module
    = note: this error originates in the attribute macro `contractimpl` (in Nightly builds, run with -Z 
macro-backtrace for more info)

error[E0428]: the name `__VestingContract__revoke_vault__invoke_raw_extern` is defined multiple times
   --> contracts\vesting_contracts\src\lib.rs:359:1
    |
359 | #[contractimpl]
    | ^^^^^^^^^^^^^^^ `__VestingContract__revoke_vault__invoke_raw_extern` redefined here
    |
    = note: `__VestingContract__revoke_vault__invoke_raw_extern` must be defined only once in the value namespace of 
this module
    = note: this error originates in the attribute macro `contractimpl` (in Nightly builds, run with -Z 
macro-backtrace for more info)

error[E0428]: the name `calculate_claimable` is defined multiple times
    --> contracts\vesting_contracts\src\lib.rs:2667:5
     |
2591 |     fn calculate_claimable(env: &Env, id: u64, vault: &Vault) -> i128 {
     |     ----------------------------------------------------------------- previous definition of the value 
`calculate_claimable` here
...
2667 |     fn calculate_claimable(env: &Env, id: u64, vault: &Vault) -> i128 {
     |     ^^^^^^^^^^^^^^^^^^^^^^^^^^^^^^^^^^^^^^^^^^^^^^^^^^^^^^^^^^^^^^^^^ `calculate_claimable` redefined here
     |
     = note: `calculate_claimable` must be defined only once in the value namespace of this block

error[E0428]: the name `__VestingContract__revoke_vault__spec` is defined multiple times
   --> contracts\vesting_contracts\src\lib.rs:359:1
    |
359 | #[contractimpl]
    | ^^^^^^^^^^^^^^^ `__VestingContract__revoke_vault__spec` redefined here
    |
    = note: `__VestingContract__revoke_vault__spec` must be defined only once in the type namespace of this module
    = note: this error originates in the attribute macro `soroban_sdk::contractspecfn` (in Nightly builds, run with -Z 
macro-backtrace for more info)

error[E0432]: unresolved imports `certificate_registry::VestingCertificateRegistryClient`, 
`certificate_registry::CertificateDataKey`
  --> contracts\vesting_contracts\src\lib.rs:50:33
   |
50 |     VestingCertificateRegistry, VestingCertificateRegistryClient,
   |                                 ^^^^^^^^^^^^^^^^^^^^^^^^^^^^^^^^ no `VestingCertificateRegistryClient` in 
`certificate_registry`
51 |     CompletedVestCertificate, LoyaltyMetrics, WorkVerification,
52 |     CertificateQuery, CertificateQueryResult, CertificateDataKey,
   |                                               ^^^^^^^^^^^^^^^^^^ no `CertificateDataKey` in `certificate_registry`
   |
help: a similar name exists in the module
   |
50 -     VestingCertificateRegistry, VestingCertificateRegistryClient,
50 +     VestingCertificateRegistry, VestingCertificateRegistry,
   |
help: a similar name exists in the module
   |
52 -     CertificateQuery, CertificateQueryResult, CertificateDataKey,
52 +     CertificateQuery, CertificateQueryResult, CertificateQuery,
   |

error[E0401]: can't use `Self` from outer item
    --> contracts\vesting_contracts\src\lib.rs:2588:9
     |
 360 | impl VestingContract {
     | ---- `Self` type implicitly declared here, by this `impl`
...
2550 |     fn calculate_claimable_for_asset(env: &Env, id: u64, vault: &Vault, asset_index: usize) -> i128 {
     |        ----------------------------- `Self` used in this inner function
...
2588 |         Self::apply_anti_dilution_adjustment(env, id, base_vested, allocation.total_amount)
     |         ^^^^ use of `Self` from outer item
     |
     = note: nested items are independent from their parent item for everything except for privacy and name resolution
help: refer to the type directly here instead
     |
2588 -         Self::apply_anti_dilution_adjustment(env, id, base_vested, allocation.total_amount)
2588 +         VestingContract::apply_anti_dilution_adjustment(env, id, base_vested, allocation.total_amount)
     |

error[E0401]: can't use `Self` from outer item
    --> contracts\vesting_contracts\src\lib.rs:2594:32
     |
 360 | impl VestingContract {
     | ---- `Self` type implicitly declared here, by this `impl`
...
2591 |     fn calculate_claimable(env: &Env, id: u64, vault: &Vault) -> i128 {
     |        ------------------- `Self` used in this inner function
...
2594 |             total_claimable += Self::calculate_claimable_for_asset(env, id, vault, i.try_into().unwrap());
     |                                ^^^^ use of `Self` from outer item
     |
     = note: nested items are independent from their parent item for everything except for privacy and name resolution
help: refer to the type directly here instead
     |
2594 -             total_claimable += Self::calculate_claimable_for_asset(env, id, vault, i.try_into().unwrap());
2594 +             total_claimable += VestingContract::calculate_claimable_for_asset(env, id, vault, 
i.try_into().unwrap());
     |

error[E0401]: can't use `Self` from outer item
    --> contracts\vesting_contracts\src\lib.rs:2670:32
     |
 360 | impl VestingContract {
     | ---- `Self` type implicitly declared here, by this `impl`
...
2667 |     fn calculate_claimable(env: &Env, id: u64, vault: &Vault) -> i128 {
     |        ------------------- `Self` used in this inner function
...
2670 |             total_claimable += Self::calculate_claimable_for_asset(env, id, vault, i.try_into().unwrap());
     |                                ^^^^ use of `Self` from outer item
     |
     = note: nested items are independent from their parent item for everything except for privacy and name resolution
help: refer to the type directly here instead
     |
2670 -             total_claimable += Self::calculate_claimable_for_asset(env, id, vault, i.try_into().unwrap());
2670 +             total_claimable += VestingContract::calculate_claimable_for_asset(env, id, vault, 
i.try_into().unwrap());
     |

error[E0401]: can't use `Self` from outer item
    --> contracts\vesting_contracts\src\lib.rs:2678:24
     |
 360 | impl VestingContract {
     | ---- `Self` type implicitly declared here, by this `impl`
...
2677 |     fn create_governance_proposal(env: Env, action: GovernanceAction) -> u64 {
     |        -------------------------- `Self` used in this inner function
2678 |         let proposer = Self::get_admin(env.clone());
     |                        ^^^^ use of `Self` from outer item
     |
     = note: nested items are independent from their parent item for everything except for privacy and name resolution
help: refer to the type directly here instead
     |
2678 -         let proposer = Self::get_admin(env.clone());
2678 +         let proposer = VestingContract::get_admin(env.clone());
     |

error[E0401]: can't use `Self` from outer item
    --> contracts\vesting_contracts\src\lib.rs:2680:27
     |
 360 | impl VestingContract {
     | ---- `Self` type implicitly declared here, by this `impl`
...
2677 |     fn create_governance_proposal(env: Env, action: GovernanceAction) -> u64 {
     |        -------------------------- `Self` used in this inner function
...
2680 |         let proposal_id = Self::increment_proposal_count(&env);
     |                           ^^^^ use of `Self` from outer item
     |
     = note: nested items are independent from their parent item for everything except for privacy and name resolution
help: refer to the type directly here instead
     |
2680 -         let proposal_id = Self::increment_proposal_count(&env);
2680 +         let proposal_id = VestingContract::increment_proposal_count(&env);
     |

error[E0401]: can't use `Self` from outer item
    --> contracts\vesting_contracts\src\lib.rs:2732:25
     |
 360 | impl VestingContract {
     | ---- `Self` type implicitly declared here, by this `impl`
...
2724 |     fn get_voter_locked_value(env: &Env, voter: &Address) -> i128 {
     |        ---------------------- `Self` used in this inner function
...
2732 |             let vault = Self::get_vault_internal(env, vault_id);
     |                         ^^^^ use of `Self` from outer item
     |
     = note: nested items are independent from their parent item for everything except for privacy and name resolution
help: refer to the type directly here instead
     |
2732 -             let vault = Self::get_vault_internal(env, vault_id);
2732 +             let vault = VestingContract::get_vault_internal(env, vault_id);
     |

error[E0401]: can't use `Self` from outer item
    --> contracts\vesting_contracts\src\lib.rs:2785:21
     |
 360 | impl VestingContract {
     | ---- `Self` type implicitly declared here, by this `impl`
...
2784 |     pub fn authorize_transfer_to_marketplace(env: Env, vault_id: u64, marketplace: Address) {
     |            --------------------------------- `Self` used in this inner function
2785 |         let vault = Self::get_vault_internal(&env, vault_id);
     |                     ^^^^ use of `Self` from outer item
     |
     = note: nested items are independent from their parent item for everything except for privacy and name resolution
help: refer to the type directly here instead
     |
2785 -         let vault = Self::get_vault_internal(&env, vault_id);
2785 +         let vault = VestingContract::get_vault_internal(&env, vault_id);
     |

error[E0401]: can't use `Self` from outer item
    --> contracts\vesting_contracts\src\lib.rs:2801:25
     |
 360 | impl VestingContract {
     | ---- `Self` type implicitly declared here, by this `impl`
...
2797 |     pub fn complete_marketplace_transfer(env: Env, vault_id: u64, new_owner: Address) {
     |            ----------------------------- `Self` used in this inner function
...
2801 |         let mut vault = Self::get_vault_internal(&env, vault_id);
     |                         ^^^^ use of `Self` from outer item
     |
     = note: nested items are independent from their parent item for everything except for privacy and name resolution
help: refer to the type directly here instead
     |
2801 -         let mut vault = Self::get_vault_internal(&env, vault_id);
2801 +         let mut vault = VestingContract::get_vault_internal(&env, vault_id);
     |

error[E0401]: can't use `Self` from outer item
    --> contracts\vesting_contracts\src\lib.rs:2809:9
     |
 360 | impl VestingContract {
     | ---- `Self` type implicitly declared here, by this `impl`
...
2797 |     pub fn complete_marketplace_transfer(env: Env, vault_id: u64, new_owner: Address) {
     |            ----------------------------- `Self` used in this inner function
...
2809 |         Self::remove_user_vault_index(&env, &old_owner, vault_id);
     |         ^^^^ use of `Self` from outer item
     |
     = note: nested items are independent from their parent item for everything except for privacy and name resolution
help: refer to the type directly here instead
     |
2809 -         Self::remove_user_vault_index(&env, &old_owner, vault_id);
2809 +         VestingContract::remove_user_vault_index(&env, &old_owner, vault_id);
     |

error[E0401]: can't use `Self` from outer item
    --> contracts\vesting_contracts\src\lib.rs:2810:9
     |
 360 | impl VestingContract {
     | ---- `Self` type implicitly declared here, by this `impl`
...
2797 |     pub fn complete_marketplace_transfer(env: Env, vault_id: u64, new_owner: Address) {
     |            ----------------------------- `Self` used in this inner function
...
2810 |         Self::add_user_vault_index(&env, &new_owner, vault_id);
     |         ^^^^ use of `Self` from outer item
     |
     = note: nested items are independent from their parent item for everything except for privacy and name resolution
help: refer to the type directly here instead
     |
2810 -         Self::add_user_vault_index(&env, &new_owner, vault_id);
2810 +         VestingContract::add_user_vault_index(&env, &new_owner, vault_id);
     |

error[E0401]: can't use `Self` from outer item
    --> contracts\vesting_contracts\src\lib.rs:2824:25
     |
 360 | impl VestingContract {
     | ---- `Self` type implicitly declared here, by this `impl`
...
2823 |     fn do_renew_vault_direct(env: &Env, vault_id: u64, additional_duration: u64, additional_amount: i128) {
     |        --------------------- `Self` used in this inner function
2824 |         let mut vault = Self::get_vault_internal(env, vault_id);
     |                         ^^^^ use of `Self` from outer item
     |
     = note: nested items are independent from their parent item for everything except for privacy and name resolution
help: refer to the type directly here instead
     |
2824 -         let mut vault = Self::get_vault_internal(env, vault_id);
2824 +         let mut vault = VestingContract::get_vault_internal(env, vault_id);
     |

error[E0401]: can't use `Self` from outer item
    --> contracts\vesting_contracts\src\lib.rs:2831:21
     |
 360 | impl VestingContract {
     | ---- `Self` type implicitly declared here, by this `impl`
...
2823 |     fn do_renew_vault_direct(env: &Env, vault_id: u64, additional_duration: u64, additional_amount: i128) {
     |        --------------------- `Self` used in this inner function
...
2831 |         let admin = Self::get_admin(env.clone());
     |                     ^^^^ use of `Self` from outer item
     |
     = note: nested items are independent from their parent item for everything except for privacy and name resolution
help: refer to the type directly here instead
     |
2831 -         let admin = Self::get_admin(env.clone());
2831 +         let admin = VestingContract::get_admin(env.clone());
     |

error[E0401]: can't use `Self` from outer item
    --> contracts\vesting_contracts\src\lib.rs:2844:9
     |
 360 | impl VestingContract {
     | ---- `Self` type implicitly declared here, by this `impl`
...
2843 |     pub fn renew_schedule(env: Env, vault_id: u64, additional_duration: u64, additional_amount: i128) {
     |            -------------- `Self` used in this inner function
2844 |         Self::require_admin(&env);
     |         ^^^^ use of `Self` from outer item
     |
     = note: nested items are independent from their parent item for everything except for privacy and name resolution
help: refer to the type directly here instead
     |
2844 -         Self::require_admin(&env);
2844 +         VestingContract::require_admin(&env);
     |

error[E0401]: can't use `Self` from outer item
    --> contracts\vesting_contracts\src\lib.rs:2845:9
     |
 360 | impl VestingContract {
     | ---- `Self` type implicitly declared here, by this `impl`
...
2843 |     pub fn renew_schedule(env: Env, vault_id: u64, additional_duration: u64, additional_amount: i128) {
     |            -------------- `Self` used in this inner function
2844 |         Self::require_admin(&env);
2845 |         Self::do_renew_vault_direct(&env, vault_id, additional_duration, additional_amount);
     |         ^^^^ use of `Self` from outer item
     |
     = note: nested items are independent from their parent item for everything except for privacy and name resolution
help: refer to the type directly here instead
     |
2845 -         Self::do_renew_vault_direct(&env, vault_id, additional_duration, additional_amount);
2845 +         VestingContract::do_renew_vault_direct(&env, vault_id, additional_duration, additional_amount);
     |

error[E0425]: cannot find type `VestingCertificateRegistryClient` in this scope
  --> contracts\vesting_contracts\src\certificate_registry.rs:80:1
   |
78 | pub struct VestingCertificateRegistry;
   | -------------------------------------- similarly named struct `VestingCertificateRegistry` defined here
79 |
80 | #[contractimpl]
   | ^^^^^^^^^^^^^^^
   |
   = note: this error originates in the attribute macro `soroban_sdk::contractclient` (in Nightly builds, run with -Z 
macro-backtrace for more info)
help: a struct with a similar name exists
   |
80 - #[contractimpl]
80 + VestingCertificateRegistry
   |

error[E0425]: cannot find type `VestingCertificateRegistryArgs` in this scope
  --> contracts\vesting_contracts\src\certificate_registry.rs:80:1
   |
78 | pub struct VestingCertificateRegistry;
   | -------------------------------------- similarly named struct `VestingCertificateRegistry` defined here
79 |
80 | #[contractimpl]
   | ^^^^^^^^^^^^^^^
   |
   = note: this error originates in the attribute macro `soroban_sdk::contractargs` (in Nightly builds, run with -Z 
macro-backtrace for more info)
help: a struct with a similar name exists
   |
80 - #[contractimpl]
80 + VestingCertificateRegistry
   |

warning: unused imports: `Map` and `Val`
  --> contracts\vesting_contracts\src\lib.rs:12:5
   |
12 |     Map,
   |     ^^^
13 |     Symbol,
14 |     Val,
   |     ^^^
   |
   = note: `#[warn(unused_imports)]` (part of `#[warn(unused)]`) on by default

warning: unused imports: `Map`, `Symbol`, and `contract`
 --> contracts\vesting_contracts\src\certificate_registry.rs:1:19
  |
1 | use soroban_sdk::{contract, contractimpl, contracttype, contractevent, Address, Env, Map, String, Symbol, Vec, 
U256};
  |                   ^^^^^^^^                                                           ^^^          ^^^^^^

error[E0592]: duplicate definitions with name `revoke_vault`
    --> contracts\vesting_contracts\src\lib.rs:1986:5
     |
1845 |     pub fn revoke_vault(env: Env, vault_id: u64, treasury: Address) {
     |     --------------------------------------------------------------- other definition for `revoke_vault`
...
1986 |     pub fn revoke_vault(env: Env, vault_id: u64, treasury: Address) {
     |     ^^^^^^^^^^^^^^^^^^^^^^^^^^^^^^^^^^^^^^^^^^^^^^^^^^^^^^^^^^^^^^^ duplicate definitions for `revoke_vault`

error[E0592]: duplicate definitions with name `spec_xdr_revoke_vault`
   --> contracts\vesting_contracts\src\lib.rs:359:1
    |
359 | #[contractimpl]
    | ^^^^^^^^^^^^^^^
    | |
    | duplicate definitions for `spec_xdr_revoke_vault`
    | other definition for `spec_xdr_revoke_vault`
    |
    = note: this error originates in the attribute macro `soroban_sdk::contractspecfn` (in Nightly builds, run with -Z 
macro-backtrace for more info)

error[E0592]: duplicate definitions with name `revoke_vault`
   --> contracts\vesting_contracts\src\lib.rs:359:1
    |
359 | #[contractimpl]
    | ^^^^^^^^^^^^^^^
    | |
    | duplicate definitions for `revoke_vault`
    | other definition for `revoke_vault`
    |
    = note: this error originates in the attribute macro `soroban_sdk::contractargs` (in Nightly builds, run with -Z 
macro-backtrace for more info)

error[E0592]: duplicate definitions with name `revoke_vault`
   --> contracts\vesting_contracts\src\lib.rs:359:1
    |
359 | #[contractimpl]
    | ^^^^^^^^^^^^^^^
    | |
    | duplicate definitions for `revoke_vault`
    | other definition for `revoke_vault`
    |
    = note: this error originates in the attribute macro `soroban_sdk::contractclient` (in Nightly builds, run with -Z 
macro-backtrace for more info)

error[E0592]: duplicate definitions with name `try_revoke_vault`
   --> contracts\vesting_contracts\src\lib.rs:359:1
    |
359 | #[contractimpl]
    | ^^^^^^^^^^^^^^^
    | |
    | duplicate definitions for `try_revoke_vault`
    | other definition for `try_revoke_vault`
    |
    = note: this error originates in the attribute macro `soroban_sdk::contractclient` (in Nightly builds, run with -Z 
macro-backtrace for more info)

warning: use of deprecated method `soroban_sdk::events::Events::publish`: use the #[contractevent] macro on a contract 
event type
   --> contracts\vesting_contracts\src\stake.rs:205:18
    |
205 |     env.events().publish((Symbol::new(env, "auto_staked"), vault_id), (beneficiary.clone(), amount, 
staking_contract.clone()));
    |                  ^^^^^^^
    |
    = note: `#[warn(deprecated)]` on by default

warning: use of deprecated method `soroban_sdk::events::Events::publish`: use the #[contractevent] macro on a contract 
event type
   --> contracts\vesting_contracts\src\stake.rs:209:18
    |
209 |     env.events().publish((Symbol::new(env, "auto_unstaked"), vault_id), (beneficiary.clone(), amount));
    |                  ^^^^^^^

warning: use of deprecated method `soroban_sdk::events::Events::publish`: use the #[contractevent] macro on a contract 
event type
   --> contracts\vesting_contracts\src\stake.rs:213:18
    |
213 |     env.events().publish((Symbol::new(env, "yield_claimed"), vault_id), (beneficiary.clone(), amount));
    |                  ^^^^^^^

warning: use of deprecated method `soroban_sdk::events::Events::publish`: use the #[contractevent] macro on a contract 
event type
   --> contracts\vesting_contracts\src\stake.rs:217:18
    |
217 |     env.events().publish((Symbol::new(env, "revoc_unstaked"), vault_id), beneficiary.clone());
    |                  ^^^^^^^

warning: use of deprecated method `soroban_sdk::events::Events::publish`: use the #[contractevent] macro on a contract 
event type
   --> contracts\vesting_contracts\src\inheritance.rs:119:18
    |
119 |     env.events().publish((soroban_sdk::Symbol::new(env, "backup_nominated"), vault_id), (primary.clone(), 
backup, switch_duration, ...
    |                  ^^^^^^^

warning: use of deprecated method `soroban_sdk::events::Events::publish`: use the #[contractevent] macro on a contract 
event type
   --> contracts\vesting_contracts\src\inheritance.rs:134:18
    |
134 |     env.events().publish((soroban_sdk::Symbol::new(env, "backup_revoked"), vault_id), primary.clone());
    |                  ^^^^^^^

warning: use of deprecated method `soroban_sdk::events::Events::publish`: use the #[contractevent] macro on a contract 
event type
   --> contracts\vesting_contracts\src\inheritance.rs:157:26
    |
157 |             env.events().publish((soroban_sdk::Symbol::new(env, "claim_cancelled"), vault_id), backup);
    |                          ^^^^^^^

warning: use of deprecated method `soroban_sdk::events::Events::publish`: use the #[contractevent] macro on a contract 
event type
   --> contracts\vesting_contracts\src\inheritance.rs:187:26
    |
187 |             env.events().publish((soroban_sdk::Symbol::new(env, "succession_claimed"), vault_id), (backup, now));
    |                          ^^^^^^^

warning: use of deprecated method `soroban_sdk::events::Events::publish`: use the #[contractevent] macro on a contract 
event type
   --> contracts\vesting_contracts\src\inheritance.rs:214:26
    |
214 |             env.events().publish((soroban_sdk::Symbol::new(env, "succession_finalised"), vault_id), 
(new_owner.clone(), now));
    |                          ^^^^^^^

warning: use of deprecated method `soroban_sdk::events::Events::publish`: use the #[contractevent] macro on a contract 
event type
   --> contracts\vesting_contracts\src\inheritance.rs:237:26
    |
237 |             env.events().publish((soroban_sdk::Symbol::new(env, "claim_cancelled"), vault_id), backup.clone());
    |                          ^^^^^^^

warning: use of deprecated method `soroban_sdk::events::Events::publish`: use the #[contractevent] macro on a contract 
event type
   --> contracts\vesting_contracts\src\kpi_engine.rs:181:22
    |
181 |         env.events().publish(
    |                      ^^^^^^^

warning: use of deprecated method `soroban_sdk::events::Events::publish`: use the #[contractevent] macro on a contract 
event type
  --> contracts\vesting_contracts\src\kpi_vesting.rs:54:18
   |
54 |     env.events().publish(
   |                  ^^^^^^^

error[E0277]: `Vault` doesn't implement `Debug`
   --> contracts\vesting_contracts\src\certificate_registry.rs:9:5
    |
  5 | #[derive(Clone, Debug, PartialEq)]
    |                 ----- in this derive macro expansion
...
  9 |     pub original_vault: Vault,
    |     ^^^^^^^^^^^^^^^^^^^^^^^^^ unsatisfied trait bound
    |
help: the trait `Debug` is not implemented for `Vault`
   --> contracts\vesting_contracts\src\lib.rs:224:1
    |
224 | pub struct Vault {
    | ^^^^^^^^^^^^^^^^
    = note: add `#[derive(Debug)]` to `Vault` or manually `impl Debug for Vault`

error[E0369]: binary operation `==` cannot be applied to type `Vault`
   --> contracts\vesting_contracts\src\certificate_registry.rs:9:5
    |
  5 | #[derive(Clone, Debug, PartialEq)]
    |                        --------- in this derive macro expansion
...
  9 |     pub original_vault: Vault,
    |     ^^^^^^^^^^^^^^^^^^^^^^^^^
    |
note: an implementation of `PartialEq` might be missing for `Vault`
   --> contracts\vesting_contracts\src\lib.rs:224:1
    |
224 | pub struct Vault {
    | ^^^^^^^^^^^^^^^^ must implement `PartialEq`
help: consider annotating `Vault` with `#[derive(PartialEq)]`
   --> contracts\vesting_contracts\src\lib.rs:224:1
    |
224 + #[derive(PartialEq)]
225 | pub struct Vault {
    |

error[E0433]: failed to resolve: use of undeclared type `CertificateDataKey`
   --> contracts\vesting_contracts\src\certificate_registry.rs:105:73
    |
105 |         let certificate_count = env.storage().instance().get::<_, 
u64>(&CertificateDataKey::CertificateCount).unwrap_or(0);
    |                                                                         ^^^^^^^^^^^^^^^^^^ use of undeclared 
type `CertificateDataKey`
    |
help: a struct with a similar name exists
    |
105 -         let certificate_count = env.storage().instance().get::<_, 
u64>(&CertificateDataKey::CertificateCount).unwrap_or(0);
105 +         let certificate_count = env.storage().instance().get::<_, 
u64>(&CertificateIssued::CertificateCount).unwrap_or(0);
    |

error[E0599]: no function or associated item named `from_u64` found for struct `soroban_sdk::U256` in the current scope
   --> contracts\vesting_contracts\src\certificate_registry.rs:106:36
    |
106 |         let certificate_id = U256::from_u64(&env, certificate_count + 1);
    |                                    ^^^^^^^^ function or associated item not found in `soroban_sdk::U256`
    |
note: if you're trying to build a new `soroban_sdk::U256` consider using one of the following associated functions:
      soroban_sdk::U256::from_u32
      soroban_sdk::U256::from_u128
      soroban_sdk::U256::from_parts
      soroban_sdk::U256::from_be_bytes
   --> C:\Users\dell\.cargo\registry\src\index.crates.io-1949cf8c6b5b557f\soroban-sdk-25.1.1\src\num.rs:195:5
    |
195 |     pub fn from_u32(env: &Env, u: u32) -> Self {
    |     ^^^^^^^^^^^^^^^^^^^^^^^^^^^^^^^^^^^^^^^^^^
...
202 |     pub fn from_u128(env: &Env, u: u128) -> Self {
    |     ^^^^^^^^^^^^^^^^^^^^^^^^^^^^^^^^^^^^^^^^^^^^
...
209 |     pub fn from_parts(env: &Env, hi_hi: u64, hi_lo: u64, lo_hi: u64, lo_lo: u64) -> Self {
    |     ^^^^^^^^^^^^^^^^^^^^^^^^^^^^^^^^^^^^^^^^^^^^^^^^^^^^^^^^^^^^^^^^^^^^^^^^^^^^^^^^^^^^
...
219 |     pub fn from_be_bytes(env: &Env, bytes: &Bytes) -> Self {
    |     ^^^^^^^^^^^^^^^^^^^^^^^^^^^^^^^^^^^^^^^^^^^^^^^^^^^^^^
help: there is an associated function `from` with a similar name
   --> /rustc/e408947bfd200af42db322daf0fadfe7e26d3bd1/library/core/src/convert/mod.rs:592:4

warning: use of deprecated method `soroban_sdk::events::Events::publish`: use the #[contractevent] macro on a contract 
event type
   --> contracts\vesting_contracts\src\certificate_registry.rs:140:22
    |
140 |         env.events().publish(
    |                      ^^^^^^^

error[E0277]: the trait bound `CertificateIssued: Topics` is not satisfied
   --> contracts\vesting_contracts\src\certificate_registry.rs:141:13
    |
140 |           env.events().publish(
    |                        ------- required by a bound introduced by this call
141 | /             CertificateIssued {
142 | |                 certificate_id,
143 | |                 beneficiary,
144 | |                 vault_id,
145 | |                 completion_timestamp,
146 | |                 loyalty_score,
147 | |             }
    | |_____________^ unsatisfied trait bound
    |
help: the trait `Topics` is not implemented for `CertificateIssued`
   --> contracts\vesting_contracts\src\certificate_registry.rs:62:1
    |
 62 | pub struct CertificateIssued {
    | ^^^^^^^^^^^^^^^^^^^^^^^^^^^^
    = help: the following other types implement trait `Topics`:
              ()
              (T0, T1)
              (T0, T1, T2)
              (T0, T1, T2, T3)
              (T0, T1, T2, T3, T4)
              (T0, T1, T2, T3, T4, T5)
              (T0, T1, T2, T3, T4, T5, T6)
              (T0, T1, T2, T3, T4, T5, T6, T7)
            and 7 others
note: required by a bound in `soroban_sdk::events::Events::publish`
   --> C:\Users\dell\.cargo\registry\src\index.crates.io-1949cf8c6b5b557f\soroban-sdk-25.1.1\src\events.rs:128:12
    |
126 |     pub fn publish<T, D>(&self, topics: T, data: D)
    |            ------- required by a bound in this associated function
127 |     where
128 |         T: Topics,
    |            ^^^^^^ required by this bound in `Events::publish`

error[E0061]: this method takes 2 arguments but 1 argument was supplied
   --> contracts\vesting_contracts\src\certificate_registry.rs:140:22
    |
140 |           env.events().publish(
    |  ______________________^^^^^^^-
141 | |             CertificateIssued {
142 | |                 certificate_id,
143 | |                 beneficiary,
...   |
148 | |         );
    | |_________- argument #2 is missing
    |
note: method defined here
   --> C:\Users\dell\.cargo\registry\src\index.crates.io-1949cf8c6b5b557f\soroban-sdk-25.1.1\src\events.rs:126:12
    |
126 |     pub fn publish<T, D>(&self, topics: T, data: D)
    |            ^^^^^^^
help: provide the argument
    |
140 ~         env.events().publish(CertificateIssued {
141 +                 certificate_id,
142 +                 beneficiary,
143 +                 vault_id,
144 +                 completion_timestamp,
145 +                 loyalty_score,
146 ~             }, /* data */);
    |

error[E0308]: mismatched types
   --> contracts\vesting_contracts\src\certificate_registry.rs:165:53
    |
165 |         let mut certificate = Self::get_certificate(&env, certificate_id);
    |                               --------------------- ^^^^ expected `Env`, found `&Env`
    |                               |
    |                               arguments to this function are incorrect
    |
note: associated function defined here
   --> contracts\vesting_contracts\src\certificate_registry.rs:305:12
    |
305 |     pub fn get_certificate(env: Env, certificate_id: U256) -> CompletedVestCertificate {
    |            ^^^^^^^^^^^^^^^ --------
help: consider removing the borrow
    |
165 -         let mut certificate = Self::get_certificate(&env, certificate_id);
165 +         let mut certificate = Self::get_certificate(env, certificate_id);
    |

warning: use of deprecated method `soroban_sdk::events::Events::publish`: use the #[contractevent] macro on a contract 
event type
   --> contracts\vesting_contracts\src\certificate_registry.rs:195:22
    |
195 |         env.events().publish(
    |                      ^^^^^^^

error[E0277]: the trait bound `WorkVerified: Topics` is not satisfied
   --> contracts\vesting_contracts\src\certificate_registry.rs:196:13
    |
195 |           env.events().publish(
    |                        ------- required by a bound introduced by this call
196 | /             WorkVerified {
197 | |                 certificate_id,
198 | |                 verified_by: env.current_contract_address(),
199 | |                 work_type,
200 | |                 impact_score,
201 | |             }
    | |_____________^ unsatisfied trait bound
    |
help: the trait `Topics` is not implemented for `WorkVerified`
   --> contracts\vesting_contracts\src\certificate_registry.rs:71:1
    |
 71 | pub struct WorkVerified {
    | ^^^^^^^^^^^^^^^^^^^^^^^
    = help: the following other types implement trait `Topics`:
              ()
              (T0, T1)
              (T0, T1, T2)
              (T0, T1, T2, T3)
              (T0, T1, T2, T3, T4)
              (T0, T1, T2, T3, T4, T5)
              (T0, T1, T2, T3, T4, T5, T6)
              (T0, T1, T2, T3, T4, T5, T6, T7)
            and 7 others
note: required by a bound in `soroban_sdk::events::Events::publish`
   --> C:\Users\dell\.cargo\registry\src\index.crates.io-1949cf8c6b5b557f\soroban-sdk-25.1.1\src\events.rs:128:12
    |
126 |     pub fn publish<T, D>(&self, topics: T, data: D)
    |            ------- required by a bound in this associated function
127 |     where
128 |         T: Topics,
    |            ^^^^^^ required by this bound in `Events::publish`

error[E0061]: this method takes 2 arguments but 1 argument was supplied
   --> contracts\vesting_contracts\src\certificate_registry.rs:195:22
    |
195 |           env.events().publish(
    |  ______________________^^^^^^^-
196 | |             WorkVerified {
197 | |                 certificate_id,
198 | |                 verified_by: env.current_contract_address(),
...   |
202 | |         );
    | |_________- argument #2 is missing
    |
note: method defined here
   --> C:\Users\dell\.cargo\registry\src\index.crates.io-1949cf8c6b5b557f\soroban-sdk-25.1.1\src\events.rs:126:12
    |
126 |     pub fn publish<T, D>(&self, topics: T, data: D)
    |            ^^^^^^^
help: provide the argument
    |
195 ~         env.events().publish(WorkVerified {
196 +                 certificate_id,
197 +                 verified_by: env.current_contract_address(),
198 +                 work_type,
199 +                 impact_score,
200 ~             }, /* data */);
    |

error[E0599]: no function or associated item named `from_u64` found for struct `soroban_sdk::U256` in the current scope
   --> contracts\vesting_contracts\src\certificate_registry.rs:221:33
    |
221 |             let cert_id = U256::from_u64(&env, i);
    |                                 ^^^^^^^^ function or associated item not found in `soroban_sdk::U256`
    |
note: if you're trying to build a new `soroban_sdk::U256` consider using one of the following associated functions:
      soroban_sdk::U256::from_u32
      soroban_sdk::U256::from_u128
      soroban_sdk::U256::from_parts
      soroban_sdk::U256::from_be_bytes
   --> C:\Users\dell\.cargo\registry\src\index.crates.io-1949cf8c6b5b557f\soroban-sdk-25.1.1\src\num.rs:195:5
    |
195 |     pub fn from_u32(env: &Env, u: u32) -> Self {
    |     ^^^^^^^^^^^^^^^^^^^^^^^^^^^^^^^^^^^^^^^^^^
...
202 |     pub fn from_u128(env: &Env, u: u128) -> Self {
    |     ^^^^^^^^^^^^^^^^^^^^^^^^^^^^^^^^^^^^^^^^^^^^
...
209 |     pub fn from_parts(env: &Env, hi_hi: u64, hi_lo: u64, lo_hi: u64, lo_lo: u64) -> Self {
    |     ^^^^^^^^^^^^^^^^^^^^^^^^^^^^^^^^^^^^^^^^^^^^^^^^^^^^^^^^^^^^^^^^^^^^^^^^^^^^^^^^^^^^
...
219 |     pub fn from_be_bytes(env: &Env, bytes: &Bytes) -> Self {
    |     ^^^^^^^^^^^^^^^^^^^^^^^^^^^^^^^^^^^^^^^^^^^^^^^^^^^^^^
help: there is an associated function `from` with a similar name
   --> /rustc/e408947bfd200af42db322daf0fadfe7e26d3bd1/library/core/src/convert/mod.rs:592:4

error[E0277]: `AssetAllocation` doesn't implement `Debug`
   --> contracts\vesting_contracts\src\lib.rs:294:5
    |
291 | #[derive(Clone, Debug, PartialEq)]
    |                 ----- in this derive macro expansion
...
294 |     pub asset_basket: Vec<AssetAllocation>, // Basket of assets for this schedule
    |     ^^^^^^^^^^^^^^^^^^^^^^^^^^^^^^^^^^^^^^ the trait `Debug` is not implemented for `AssetAllocation`
    |
    = note: add `#[derive(Debug)]` to `AssetAllocation` or manually `impl Debug for AssetAllocation`
help: the trait `Debug` is implemented for `soroban_sdk::Vec<T>`
   --> C:\Users\dell\.cargo\registry\src\index.crates.io-1949cf8c6b5b557f\soroban-sdk-25.1.1\src\vec.rs:141:1
    |
141 | / impl<T> Debug for Vec<T>
142 | | where
143 | |     T: IntoVal<Env, Val> + TryFromVal<Env, Val> + Debug + Clone,
144 | |     T::Error: Debug,
    | |____________________^
help: consider annotating `AssetAllocation` with `#[derive(Debug)]`
    |
214 + #[derive(Debug)]
215 | pub struct AssetAllocation {
    |

error[E0599]: no function or associated item named `do_renew_vault_direct` found for struct `VestingContract` in the 
current scope
   --> contracts\vesting_contracts\src\lib.rs:425:23
    |
357 | pub struct VestingContract;
    | -------------------------- function or associated item `do_renew_vault_direct` not found for this struct
...
425 |                 Self::do_renew_vault_direct(&env, vault_id, duration, amount);
    |                       ^^^^^^^^^^^^^^^^^^^^^ function or associated item not found in `VestingContract`

warning: use of deprecated method `soroban_sdk::events::Events::publish`: use the #[contractevent] macro on a contract 
event type
   --> contracts\vesting_contracts\src\lib.rs:468:22
    |
468 |         env.events().publish((Symbol::new(env, "revoked"), vault_id), (vault.owner, remaining_total, treasury));
    |                      ^^^^^^^

error[E0599]: no function or associated item named `get_admin_proposal` found for struct `VestingContract` in the 
current scope
   --> contracts\vesting_contracts\src\lib.rs:486:34
    |
357 | pub struct VestingContract;
    | -------------------------- function or associated item `get_admin_proposal` not found for this struct
...
486 |         let mut proposal = Self::get_admin_proposal(&env, proposal_id);
    |                                  ^^^^^^^^^^^^^^^^^^ function or associated item not found in `VestingContract`
    |
help: there is an associated function `get_admins` with a similar name
   --> contracts\vesting_contracts\src\lib.rs:522:5
    |
522 |     pub fn get_admins(env: &Env) -> Vec<Address> {
    |     ^^^^^^^^^^^^^^^^^^^^^^^^^^^^^^^^^^^^^^^^^^^^

warning: use of deprecated method `soroban_sdk::events::Events::publish`: use the #[contractevent] macro on a contract 
event type
   --> contracts\vesting_contracts\src\lib.rs:492:22
    |
492 |         env.events().publish((Symbol::new(&env, "admin_proposal_signed"), proposal_id), (signer.clone(), 
sig_count));
    |                      ^^^^^^^

warning: use of deprecated method `soroban_sdk::events::Events::publish`: use the #[contractevent] macro on a contract 
event type
   --> contracts\vesting_contracts\src\lib.rs:498:26
    |
498 |             env.events().publish((Symbol::new(&env, "admin_proposal_executed"), proposal_id), (signer,));
    |                          ^^^^^^^

error[E0599]: no function or associated item named `increment_admin_proposal_count` found for struct `VestingContract` 
in the current scope
   --> contracts\vesting_contracts\src\lib.rs:506:33
    |
357 | pub struct VestingContract;
    | -------------------------- function or associated item `increment_admin_proposal_count` not found for this struct
...
506 |         let proposal_id = Self::increment_admin_proposal_count(&env);
    |                                 ^^^^^^^^^^^^^^^^^^^^^^^^^^^^^^ function or associated item not found in 
`VestingContract`
    |
help: there is an associated function `sign_admin_proposal` with a similar name
   --> contracts\vesting_contracts\src\lib.rs:483:5
    |
483 |     pub fn sign_admin_proposal(env: Env, signer: Address, proposal_id: u64) {
    |     ^^^^^^^^^^^^^^^^^^^^^^^^^^^^^^^^^^^^^^^^^^^^^^^^^^^^^^^^^^^^^^^^^^^^^^^

warning: use of deprecated method `soroban_sdk::events::Events::publish`: use the #[contractevent] macro on a contract 
event type
   --> contracts\vesting_contracts\src\lib.rs:510:22
    |
510 |         env.events().publish((Symbol::new(&env, "admin_proposal_created"), proposal_id), (proposer.clone(), 
now));
    |                      ^^^^^^^

warning: use of deprecated method `soroban_sdk::events::Events::publish`: use the #[contractevent] macro on a contract 
event type
   --> contracts\vesting_contracts\src\lib.rs:517:26
    |
517 |             env.events().publish((Symbol::new(&env, "admin_proposal_executed"), proposal_id), (proposer,));
    |                          ^^^^^^^

error[E0599]: no function or associated item named `create_governance_proposal` found for struct `VestingContract` in 
the current scope
   --> contracts\vesting_contracts\src\lib.rs:591:15
    |
357 | pub struct VestingContract;
    | -------------------------- function or associated item `create_governance_proposal` not found for this struct
...
591 |         Self::create_governance_proposal(env, GovernanceAction::ContractUpgrade(new_contract))
    |               ^^^^^^^^^^^^^^^^^^^^^^^^^^ function or associated item not found in `VestingContract`
    |
help: there is an associated function `vote_on_proposal` with a similar name
   --> contracts\vesting_contracts\src\lib.rs:607:5
    |
607 |     pub fn vote_on_proposal(env: Env, voter: Address, proposal_id: u64, is_yes: bool) {
    |     ^^^^^^^^^^^^^^^^^^^^^^^^^^^^^^^^^^^^^^^^^^^^^^^^^^^^^^^^^^^^^^^^^^^^^^^^^^^^^^^^^

error[E0599]: no function or associated item named `create_governance_proposal` found for struct `VestingContract` in 
the current scope
   --> contracts\vesting_contracts\src\lib.rs:603:15
    |
357 | pub struct VestingContract;
    | -------------------------- function or associated item `create_governance_proposal` not found for this struct
...
603 |         Self::create_governance_proposal(env, GovernanceAction::EmergencyPause(pause_state))
    |               ^^^^^^^^^^^^^^^^^^^^^^^^^^ function or associated item not found in `VestingContract`
    |
help: there is an associated function `vote_on_proposal` with a similar name
   --> contracts\vesting_contracts\src\lib.rs:607:5
    |
607 |     pub fn vote_on_proposal(env: Env, voter: Address, proposal_id: u64, is_yes: bool) {
    |     ^^^^^^^^^^^^^^^^^^^^^^^^^^^^^^^^^^^^^^^^^^^^^^^^^^^^^^^^^^^^^^^^^^^^^^^^^^^^^^^^^

error[E0599]: no function or associated item named `get_voter_locked_value` found for struct `VestingContract` in the 
current scope
   --> contracts\vesting_contracts\src\lib.rs:610:33
    |
357 | pub struct VestingContract;
    | -------------------------- function or associated item `get_voter_locked_value` not found for this struct
...
610 |         let vote_weight = Self::get_voter_locked_value(&env, &voter);
    |                                 ^^^^^^^^^^^^^^^^^^^^^^ function or associated item not found in `VestingContract`

error[E0599]: no function or associated item named `get_proposal` found for struct `VestingContract` in the current 
scope
   --> contracts\vesting_contracts\src\lib.rs:616:34
    |
357 | pub struct VestingContract;
    | -------------------------- function or associated item `get_proposal` not found for this struct
...
616 |         let mut proposal = Self::get_proposal(&env, proposal_id);
    |                                  ^^^^^^^^^^^^ function or associated item not found in `VestingContract`
    |
help: there is an associated function `execute_proposal` with a similar name
    |
616 -         let mut proposal = Self::get_proposal(&env, proposal_id);
616 +         let mut proposal = Self::execute_proposal(&env, proposal_id);
    |

warning: use of deprecated method `soroban_sdk::events::Events::publish`: use the #[contractevent] macro on a contract 
event type
   --> contracts\vesting_contracts\src\lib.rs:653:18
    |
653 |     env.events().publish((Symbol::new(&env, "vote_cast"), proposal_id), (voter.clone(), vote_weight, is_yes));
    |                  ^^^^^^^

error[E0599]: no function or associated item named `get_proposal` found for struct `VestingContract` in the current 
scope
   --> contracts\vesting_contracts\src\lib.rs:657:34
    |
357 | pub struct VestingContract;
    | -------------------------- function or associated item `get_proposal` not found for this struct
...
657 |         let mut proposal = Self::get_proposal(&env, proposal_id);
    |                                  ^^^^^^^^^^^^ function or associated item not found in `VestingContract`
    |
help: there is an associated function `execute_proposal` with a similar name
    |
657 -         let mut proposal = Self::get_proposal(&env, proposal_id);
657 +         let mut proposal = Self::execute_proposal(&env, proposal_id);
    |

error[E0599]: no function or associated item named `get_total_locked_value` found for struct `VestingContract` in the 
current scope
   --> contracts\vesting_contracts\src\lib.rs:670:34
    |
357 | pub struct VestingContract;
    | -------------------------- function or associated item `get_total_locked_value` not found for this struct
...
670 |         let total_locked = Self::get_total_locked_value(&env);
    |                                  ^^^^^^^^^^^^^^^^^^^^^^ function or associated item not found in 
`VestingContract`

error[E0599]: no function or associated item named `execute_governance_action` found for struct `VestingContract` in 
the current scope
   --> contracts\vesting_contracts\src\lib.rs:681:15
    |
357 | pub struct VestingContract;
    | -------------------------- function or associated item `execute_governance_action` not found for this struct
...
681 |         Self::execute_governance_action(&env, &proposal.action);
    |               ^^^^^^^^^^^^^^^^^^^^^^^^^ function or associated item not found in `VestingContract`

warning: use of deprecated method `soroban_sdk::events::Events::publish`: use the #[contractevent] macro on a contract 
event type
   --> contracts\vesting_contracts\src\lib.rs:687:22
    |
687 |         env.events().publish((Symbol::new(&env, "governance_executed"), proposal_id), 
(proposal.action.clone(),));
    |                      ^^^^^^^

error[E0599]: no function or associated item named `validate_asset_basket` found for struct `VestingContract` in the 
current scope
   --> contracts\vesting_contracts\src\lib.rs:823:19
    |
357 | pub struct VestingContract;
    | -------------------------- function or associated item `validate_asset_basket` not found for this struct
...
823 |         if !Self::validate_asset_basket(&asset_basket) {
    |                   ^^^^^^^^^^^^^^^^^^^^^ function or associated item not found in `VestingContract`

error[E0308]: mismatched types
    --> contracts\vesting_contracts\src\lib.rs:844:37
     |
 844 |         let admin = Self::get_admin(env.clone());
     |                     --------------- ^^^^^^^^^^^ expected `&Env`, found `Env`
     |                     |
     |                     arguments to this function are incorrect
     |
note: associated function defined here
    --> contracts\vesting_contracts\src\lib.rs:1570:12
     |
1570 |     pub fn get_admin(env: &Env) -> Address {
     |            ^^^^^^^^^ ---------
help: consider borrowing here
     |
 844 |         let admin = Self::get_admin(&env.clone());
     |                                     +

error[E0599]: no function or associated item named `validate_asset_basket` found for struct `VestingContract` in the 
current scope
   --> contracts\vesting_contracts\src\lib.rs:889:19
    |
357 | pub struct VestingContract;
    | -------------------------- function or associated item `validate_asset_basket` not found for this struct
...
889 |         if !Self::validate_asset_basket(&asset_basket) {
    |                   ^^^^^^^^^^^^^^^^^^^^^ function or associated item not found in `VestingContract`

error[E0308]: mismatched types
    --> contracts\vesting_contracts\src\lib.rs:940:37
     |
 940 |         let admin = Self::get_admin(env.clone());
     |                     --------------- ^^^^^^^^^^^ expected `&Env`, found `Env`
     |                     |
     |                     arguments to this function are incorrect
     |
note: associated function defined here
    --> contracts\vesting_contracts\src\lib.rs:1570:12
     |
1570 |     pub fn get_admin(env: &Env) -> Address {
     |            ^^^^^^^^^ ---------
help: consider borrowing here
     |
 940 |         let admin = Self::get_admin(&env.clone());
     |                                     +

error[E0599]: no function or associated item named `validate_asset_basket` found for struct `VestingContract` in the 
current scope
   --> contracts\vesting_contracts\src\lib.rs:975:19
    |
357 | pub struct VestingContract;
    | -------------------------- function or associated item `validate_asset_basket` not found for this struct
...
975 |         if !Self::validate_asset_basket(&vault.allocations) {
    |                   ^^^^^^^^^^^^^^^^^^^^^ function or associated item not found in `VestingContract`

error[E0599]: no function or associated item named `calculate_claimable_for_asset` found for struct `VestingContract` 
in the current scope
    --> contracts\vesting_contracts\src\lib.rs:983:39
     |
 357 | pub struct VestingContract;
     | -------------------------- function or associated item `calculate_claimable_for_asset` not found for this struct
...
 983 |             let vested_amount = Self::calculate_claimable_for_asset(&env, vault_id, &vault, i);
     |                                       ^^^^^^^^^^^^^^^^^^^^^^^^^^^^^ function or associated item not found in 
`VestingContract`
     |
help: there is an associated function `calculate_claimable` with a similar name
    --> contracts\vesting_contracts\src\lib.rs:2509:5
     |
2509 |     fn calculate_claimable(env: &Env, id: u64, vault: &Vault) -> i128 {
     |     ^^^^^^^^^^^^^^^^^^^^^^^^^^^^^^^^^^^^^^^^^^^^^^^^^^^^^^^^^^^^^^^^^

error[E0599]: no function or associated item named `calculate_claimable_for_asset` found for struct `VestingContract` 
in the current scope
    --> contracts\vesting_contracts\src\lib.rs:1058:28
     |
 357 | pub struct VestingContract;
     | -------------------------- function or associated item `calculate_claimable_for_asset` not found for this struct
...
1058 |         let vested = Self::calculate_claimable_for_asset(&env, vault_id, &vault, 0);
     |                            ^^^^^^^^^^^^^^^^^^^^^^^^^^^^^ function or associated item not found in 
`VestingContract`
     |
help: there is an associated function `calculate_claimable` with a similar name
    --> contracts\vesting_contracts\src\lib.rs:2509:5
     |
2509 |     fn calculate_claimable(env: &Env, id: u64, vault: &Vault) -> i128 {
     |     ^^^^^^^^^^^^^^^^^^^^^^^^^^^^^^^^^^^^^^^^^^^^^^^^^^^^^^^^^^^^^^^^^

error[E0599]: no function or associated item named `from_u64` found for struct `soroban_sdk::U256` in the current scope
    --> contracts\vesting_contracts\src\lib.rs:1103:40
     |
1103 |             let certificate_id = U256::from_u64(env, vault_id);
     |                                        ^^^^^^^^ function or associated item not found in `soroban_sdk::U256`
     |
note: if you're trying to build a new `soroban_sdk::U256` consider using one of the following associated functions:
      soroban_sdk::U256::from_u32
      soroban_sdk::U256::from_u128
      soroban_sdk::U256::from_parts
      soroban_sdk::U256::from_be_bytes
    --> C:\Users\dell\.cargo\registry\src\index.crates.io-1949cf8c6b5b557f\soroban-sdk-25.1.1\src\num.rs:195:5
     |
 195 |     pub fn from_u32(env: &Env, u: u32) -> Self {
     |     ^^^^^^^^^^^^^^^^^^^^^^^^^^^^^^^^^^^^^^^^^^
...
 202 |     pub fn from_u128(env: &Env, u: u128) -> Self {
     |     ^^^^^^^^^^^^^^^^^^^^^^^^^^^^^^^^^^^^^^^^^^^^
...
 209 |     pub fn from_parts(env: &Env, hi_hi: u64, hi_lo: u64, lo_hi: u64, lo_lo: u64) -> Self {
     |     ^^^^^^^^^^^^^^^^^^^^^^^^^^^^^^^^^^^^^^^^^^^^^^^^^^^^^^^^^^^^^^^^^^^^^^^^^^^^^^^^^^^^
...
 219 |     pub fn from_be_bytes(env: &Env, bytes: &Bytes) -> Self {
     |     ^^^^^^^^^^^^^^^^^^^^^^^^^^^^^^^^^^^^^^^^^^^^^^^^^^^^^^
help: there is an associated function `from` with a similar name
    --> /rustc/e408947bfd200af42db322daf0fadfe7e26d3bd1/library/core/src/convert/mod.rs:592:4

error[E0599]: no variant or associated item named `AntiDilutionConfig` found for enum `DataKey` in the current scope
    --> contracts\vesting_contracts\src\lib.rs:1313:48
     |
  72 | pub enum DataKey {
     | ---------------- variant or associated item `AntiDilutionConfig` not found for this enum
...
1313 |         env.storage().instance().set(&DataKey::AntiDilutionConfig(vault_id), &config);
     |                                                ^^^^^^^^^^^^^^^^^^ variant or associated item not found in 
`DataKey`

error[E0599]: no variant or associated item named `AntiDilutionConfig` found for enum `DataKey` in the current scope
    --> contracts\vesting_contracts\src\lib.rs:1320:99
     |
  72 | pub enum DataKey {
     | ---------------- variant or associated item `AntiDilutionConfig` not found for this enum
...
1320 |         if let Some(mut config) = env.storage().instance().get::<_, 
AntiDilutionConfig>(&DataKey::AntiDilutionConfig(vault_id)) {
     |                                                                                                   
^^^^^^^^^^^^^^^^^^ variant or associated item not found in `DataKey`

error[E0599]: no variant or associated item named `AntiDilutionConfig` found for enum `DataKey` in the current scope
    --> contracts\vesting_contracts\src\lib.rs:1322:52
     |
  72 | pub enum DataKey {
     | ---------------- variant or associated item `AntiDilutionConfig` not found for this enum
...
1322 |             env.storage().instance().set(&DataKey::AntiDilutionConfig(vault_id), &config);
     |                                                    ^^^^^^^^^^^^^^^^^^ variant or associated item not found in 
`DataKey`

error[E0599]: no variant or associated item named `AntiDilutionConfig` found for enum `DataKey` in the current scope
    --> contracts\vesting_contracts\src\lib.rs:1328:73
     |
  72 | pub enum DataKey {
     | ---------------- variant or associated item `AntiDilutionConfig` not found for this enum
...
1328 |         env.storage().instance().get::<_, AntiDilutionConfig>(&DataKey::AntiDilutionConfig(vault_id))
     |                                                                         ^^^^^^^^^^^^^^^^^^ variant or 
associated item not found in `DataKey`

error[E0599]: no variant or associated item named `NetworkGrowthSnapshot` found for enum `DataKey` in the current scope
    --> contracts\vesting_contracts\src\lib.rs:1333:48
     |
  72 | pub enum DataKey {
     | ---------------- variant or associated item `NetworkGrowthSnapshot` not found for this enum
...
1333 |         env.storage().instance().get(&DataKey::NetworkGrowthSnapshot(vault_id))
     |                                                ^^^^^^^^^^^^^^^^^^^^^ variant or associated item not found in 
`DataKey`

error[E0599]: no variant or associated item named `AntiDilutionConfig` found for enum `DataKey` in the current scope
    --> contracts\vesting_contracts\src\lib.rs:1344:99
     |
  72 | pub enum DataKey {
     | ---------------- variant or associated item `AntiDilutionConfig` not found for this enum
...
1344 |         if let Some(mut config) = env.storage().instance().get::<_, 
AntiDilutionConfig>(&DataKey::AntiDilutionConfig(vault_id)) {
     |                                                                                                   
^^^^^^^^^^^^^^^^^^ variant or associated item not found in `DataKey`

error[E0599]: no variant or associated item named `AntiDilutionConfig` found for enum `DataKey` in the current scope
    --> contracts\vesting_contracts\src\lib.rs:1347:52
     |
  72 | pub enum DataKey {
     | ---------------- variant or associated item `AntiDilutionConfig` not found for this enum
...
1347 |             env.storage().instance().set(&DataKey::AntiDilutionConfig(vault_id), &config);
     |                                                    ^^^^^^^^^^^^^^^^^^ variant or associated item not found in 
`DataKey`

error[E0308]: mismatched types
    --> contracts\vesting_contracts\src\lib.rs:1350:40
     |
1350 |             Self::get_claimable_amount(&env, vault_id);
     |             -------------------------- ^^^^ expected `Env`, found `&Env`
     |             |
     |             arguments to this function are incorrect
     |
note: associated function defined here
    --> contracts\vesting_contracts\src\lib.rs:1359:12
     |
1359 |     pub fn get_claimable_amount(env: Env, vault_id: u64) -> i128 {
     |            ^^^^^^^^^^^^^^^^^^^^ --------
help: consider removing the borrow
     |
1350 -             Self::get_claimable_amount(&env, vault_id);
1350 +             Self::get_claimable_amount(env, vault_id);
     |

error[E0599]: no variant or associated item named `AntiDilutionConfig` found for enum `DataKey` in the current scope
    --> contracts\vesting_contracts\src\lib.rs:1354:52
     |
  72 | pub enum DataKey {
     | ---------------- variant or associated item `AntiDilutionConfig` not found for this enum
...
1354 |             env.storage().instance().set(&DataKey::AntiDilutionConfig(vault_id), &config);
     |                                                    ^^^^^^^^^^^^^^^^^^ variant or associated item not found in 
`DataKey`

error[E0599]: no function or associated item named `calculate_claimable_for_asset` found for struct `VestingContract` 
in the current scope
    --> contracts\vesting_contracts\src\lib.rs:1370:39
     |
 357 | pub struct VestingContract;
     | -------------------------- function or associated item `calculate_claimable_for_asset` not found for this struct
...
1370 |             let vested_amount = Self::calculate_claimable_for_asset(&env, vault_id, &vault, i);
     |                                       ^^^^^^^^^^^^^^^^^^^^^^^^^^^^^ function or associated item not found in 
`VestingContract`
     |
help: there is an associated function `calculate_claimable` with a similar name
    --> contracts\vesting_contracts\src\lib.rs:2509:5
     |
2509 |     fn calculate_claimable(env: &Env, id: u64, vault: &Vault) -> i128 {
     |     ^^^^^^^^^^^^^^^^^^^^^^^^^^^^^^^^^^^^^^^^^^^^^^^^^^^^^^^^^^^^^^^^^

error[E0599]: no function or associated item named `validate_asset_basket` found for struct `VestingContract` in the 
current scope
    --> contracts\vesting_contracts\src\lib.rs:1528:19
     |
 357 | pub struct VestingContract;
     | -------------------------- function or associated item `validate_asset_basket` not found for this struct
...
1528 |         if !Self::validate_asset_basket(&new_basket) {
     |                   ^^^^^^^^^^^^^^^^^^^^^ function or associated item not found in `VestingContract`

error[E0599]: no function or associated item named `calculate_basket_total_value` found for struct `VestingContract` 
in the current scope
    --> contracts\vesting_contracts\src\lib.rs:1543:33
     |
 357 | pub struct VestingContract;
     | -------------------------- function or associated item `calculate_basket_total_value` not found for this struct
...
1543 |         let total_value = Self::calculate_basket_total_value(&vault.allocations);
     |                                 ^^^^^^^^^^^^^^^^^^^^^^^^^^^^ function or associated item not found in 
`VestingContract`

error[E0599]: no function or associated item named `calculate_basket_released_value` found for struct 
`VestingContract` in the current scope
    --> contracts\vesting_contracts\src\lib.rs:1544:36
     |
 357 | pub struct VestingContract;
     | -------------------------- function or associated item `calculate_basket_released_value` not found for this 
struct
...
1544 |         let released_value = Self::calculate_basket_released_value(&vault.allocations);
     |                                    ^^^^^^^^^^^^^^^^^^^^^^^^^^^^^^^ function or associated item not found in 
`VestingContract`

warning: use of deprecated method `soroban_sdk::events::Events::publish`: use the #[contractevent] macro on a contract 
event type
    --> contracts\vesting_contracts\src\lib.rs:1684:22
     |
1684 |         env.events().publish((Symbol::new(&env, "slash"), vault_id), (vested, unvested, treasury));
     |                      ^^^^^^^

error[E0599]: no variant or associated item named `ApprovedStakingContracts` found for enum `DataKey` in the current 
scope
    --> contracts\vesting_contracts\src\lib.rs:1697:52
     |
  72 | pub enum DataKey {
     | ---------------- variant or associated item `ApprovedStakingContracts` not found for this enum
...
1697 |             env.storage().instance().set(&DataKey::ApprovedStakingContracts, &approved);
     |                                                    ^^^^^^^^^^^^^^^^^^^^^^^^ variant or associated item not 
found in `DataKey`

error[E0599]: no variant or associated item named `ApprovedStakingContracts` found for enum `DataKey` in the current 
scope
    --> contracts\vesting_contracts\src\lib.rs:1709:48
     |
  72 | pub enum DataKey {
     | ---------------- variant or associated item `ApprovedStakingContracts` not found for this enum
...
1709 |         env.storage().instance().set(&DataKey::ApprovedStakingContracts, &new_approved);
     |                                                ^^^^^^^^^^^^^^^^^^^^^^^^ variant or associated item not found in 
`DataKey`

warning: use of deprecated method `soroban_sdk::events::Events::publish`: use the #[contractevent] macro on a contract 
event type
    --> contracts\vesting_contracts\src\lib.rs:1891:26
     |
1891 |             env.events().publish(
     |                          ^^^^^^^

warning: use of deprecated method `soroban_sdk::events::Events::publish`: use the #[contractevent] macro on a contract 
event type
    --> contracts\vesting_contracts\src\lib.rs:1979:26
     |
1979 |             env.events().publish(
     |                          ^^^^^^^

warning: use of deprecated method `soroban_sdk::events::Events::publish`: use the #[contractevent] macro on a contract 
event type
    --> contracts\vesting_contracts\src\lib.rs:2070:22
     |
2070 |         env.events().publish(
     |                      ^^^^^^^

error[E0599]: no function or associated item named `calculate_basket_total_value` found for struct `VestingContract` 
in the current scope
    --> contracts\vesting_contracts\src\lib.rs:2317:34
     |
 357 | pub struct VestingContract;
     | -------------------------- function or associated item `calculate_basket_total_value` not found for this struct
...
2317 |         let total_amount = Self::calculate_basket_total_value(&vault.allocations);
     |                                  ^^^^^^^^^^^^^^^^^^^^^^^^^^^^ function or associated item not found in 
`VestingContract`

error[E0308]: mismatched types
    --> contracts\vesting_contracts\src\lib.rs:2509:66
     |
2509 |     fn calculate_claimable(env: &Env, id: u64, vault: &Vault) -> i128 {
     |        -------------------                                       ^^^^ expected `i128`, found `()`
     |        |
     |        implicitly returns `()` as its body has no tail or `return` expression

error[E0599]: no variant or associated item named `AntiDilutionConfig` found for enum `DataKey` in the current scope
    --> contracts\vesting_contracts\src\lib.rs:2602:95
     |
  72 | pub enum DataKey {
     | ---------------- variant or associated item `AntiDilutionConfig` not found for this enum
...
2602 |         if let Some(config) = env.storage().instance().get::<_, 
AntiDilutionConfig>(&DataKey::AntiDilutionConfig(vault_id)) {
     |                                                                                               
^^^^^^^^^^^^^^^^^^ variant or associated item not found in `DataKey`

error[E0599]: no variant or associated item named `AntiDilutionConfig` found for enum `DataKey` in the current scope
    --> contracts\vesting_contracts\src\lib.rs:2650:52
     |
  72 | pub enum DataKey {
     | ---------------- variant or associated item `AntiDilutionConfig` not found for this enum
...
2650 |             env.storage().instance().set(&DataKey::AntiDilutionConfig(vault_id), &updated_config);
     |                                                    ^^^^^^^^^^^^^^^^^^ variant or associated item not found in 
`DataKey`

error[E0599]: no variant or associated item named `NetworkGrowthSnapshot` found for enum `DataKey` in the current scope
    --> contracts\vesting_contracts\src\lib.rs:2658:52
     |
  72 | pub enum DataKey {
     | ---------------- variant or associated item `NetworkGrowthSnapshot` not found for this enum
...
2658 |             env.storage().instance().set(&DataKey::NetworkGrowthSnapshot(vault_id), &snapshot);
     |                                                    ^^^^^^^^^^^^^^^^^^^^^ variant or associated item not found 
in `DataKey`

error[E0599]: no function or associated item named `increment_proposal_count` found for struct `VestingContract` in 
the current scope
    --> contracts\vesting_contracts\src\lib.rs:2683:40
     |
 357 | pub struct VestingContract;
     | -------------------------- function or associated item `increment_proposal_count` not found for this struct
...
2683 |     let proposal_id = VestingContract::increment_proposal_count(&env);
     |                                        ^^^^^^^^^^^^^^^^^^^^^^^^ function or associated item not found in 
`VestingContract`
     |
help: there is an associated function `increment_vault_count` with a similar name
     |
2683 -     let proposal_id = VestingContract::increment_proposal_count(&env);
2683 +     let proposal_id = VestingContract::increment_vault_count(&env);
     |

warning: use of deprecated method `soroban_sdk::events::Events::publish`: use the #[contractevent] macro on a contract 
event type
    --> contracts\vesting_contracts\src\lib.rs:2700:18
     |
2700 |     env.events().publish((Symbol::new(&env, "governance_proposal"), proposal_id), (proposer.clone(), 
proposal.challenge_end));
     |                  ^^^^^^^

error[E0599]: no function or associated item named `get_proposal` found for struct `VestingContract` in the current 
scope
    --> contracts\vesting_contracts\src\lib.rs:2771:22
     |
 357 | pub struct VestingContract;
     | -------------------------- function or associated item `get_proposal` not found for this struct
...
2771 |     VestingContract::get_proposal(&env, proposal_id)
     |                      ^^^^^^^^^^^^ function or associated item not found in `VestingContract`
     |
help: there is an associated function `execute_proposal` with a similar name
     |
2771 -     VestingContract::get_proposal(&env, proposal_id)
2771 +     VestingContract::execute_proposal(&env, proposal_id)
     |

error[E0599]: no function or associated item named `get_voter_locked_value` found for struct `VestingContract` in the 
current scope
    --> contracts\vesting_contracts\src\lib.rs:2775:22
     |
 357 | pub struct VestingContract;
     | -------------------------- function or associated item `get_voter_locked_value` not found for this struct
...
2775 |     VestingContract::get_voter_locked_value(&env, &voter)
     |                      ^^^^^^^^^^^^^^^^^^^^^^ function or associated item not found in `VestingContract`

error[E0599]: no function or associated item named `get_total_locked_value` found for struct `VestingContract` in the 
current scope
    --> contracts\vesting_contracts\src\lib.rs:2779:22
     |
 357 | pub struct VestingContract;
     | -------------------------- function or associated item `get_total_locked_value` not found for this struct
...
2779 |     VestingContract::get_total_locked_value(&env)
     |                      ^^^^^^^^^^^^^^^^^^^^^^ function or associated item not found in `VestingContract`

warning: use of deprecated method `soroban_sdk::events::Events::publish`: use the #[contractevent] macro on a contract 
event type
    --> contracts\vesting_contracts\src\lib.rs:2815:22
     |
2815 |         env.events().publish(
     |                      ^^^^^^^

warning: use of deprecated method `soroban_sdk::events::Events::publish`: use the #[contractevent] macro on a contract 
event type
    --> contracts\vesting_contracts\src\lib.rs:2840:22
     |
2840 |         env.events().publish((Symbol::new(env, "vault_renewed"), vault_id), (additional_duration, 
additional_amount));
     |                      ^^^^^^^

error[E0034]: multiple applicable items in scope
   --> contracts\vesting_contracts\src\lib.rs:359:1
    |
359 | #[contractimpl]
    | ^^^^^^^^^^^^^^^ multiple `spec_xdr_revoke_vault` found
    |
note: candidate #1 is defined in an impl for the type `VestingContract`
   --> contracts\vesting_contracts\src\lib.rs:359:1
    |
359 | #[contractimpl]
    | ^^^^^^^^^^^^^^^
note: candidate #2 is defined in an impl for the type `VestingContract`
   --> contracts\vesting_contracts\src\lib.rs:359:1
    |
359 | #[contractimpl]
    | ^^^^^^^^^^^^^^^
    = note: this error originates in the attribute macro `soroban_sdk::contractspecfn` (in Nightly builds, run with -Z 
macro-backtrace for more info)

warning: unused variable: `vault_id`
  --> contracts\vesting_contracts\src\oracle.rs:59:65
   |
59 |     pub fn is_cliff_passed(env: &Env, cliff: &PerformanceCliff, vault_id: u64) -> bool {
   |                                                                 ^^^^^^^^ help: if this is intentional, prefix it 
with an underscore: `_vault_id`
   |
   = note: `#[warn(unused_variables)]` (part of `#[warn(unused)]`) on by default

warning: unused variable: `env`
   --> contracts\vesting_contracts\src\oracle.rs:112:21
    |
112 |     fn query_oracle(env: &Env, condition: &OracleCondition) -> i128 {
    |                     ^^^ help: if this is intentional, prefix it with an underscore: `_env`

warning: unused variable: `oracle_address`
   --> contracts\vesting_contracts\src\oracle.rs:115:13
    |
115 |         let oracle_address = condition.oracle_address.clone();
    |             ^^^^^^^^^^^^^^ help: if this is intentional, prefix it with an underscore: `_oracle_address`

warning: unused variable: `env`
   --> contracts\vesting_contracts\src\oracle.rs:208:33
    |
208 |     pub fn query_network_growth(env: &Env, oracle_address: &Address) -> i128 {
    |                                 ^^^ help: if this is intentional, prefix it with an underscore: `_env`

warning: unused variable: `oracle_address`
   --> contracts\vesting_contracts\src\oracle.rs:208:44
    |
208 |     pub fn query_network_growth(env: &Env, oracle_address: &Address) -> i128 {
    |                                            ^^^^^^^^^^^^^^ help: if this is intentional, prefix it with an 
underscore: `_oracle_address`

warning: unused variable: `env`
   --> contracts\vesting_contracts\src\oracle.rs:217:33
    |
217 |     pub fn query_inflation_rate(env: &Env, oracle_address: &Address) -> i128 {
    |                                 ^^^ help: if this is intentional, prefix it with an underscore: `_env`

warning: unused variable: `oracle_address`
   --> contracts\vesting_contracts\src\oracle.rs:217:44
    |
217 |     pub fn query_inflation_rate(env: &Env, oracle_address: &Address) -> i128 {
    |                                            ^^^^^^^^^^^^^^ help: if this is intentional, prefix it with an 
underscore: `_oracle_address`

warning: unused variable: `env`
   --> contracts\vesting_contracts\src\kpi_engine.rs:113:23
    |
113 | fn query_oracle_value(env: &Env, config: &KpiOracleConfig) -> i128 {
    |                       ^^^ help: if this is intentional, prefix it with an underscore: `_env`

warning: unused variable: `vault_id`
   --> contracts\vesting_contracts\src\certificate_registry.rs:335:45
    |
335 |     fn calculate_loyalty_metrics(env: &Env, vault_id: u64, vault: &Vault) -> LoyaltyMetrics {
    |                                             ^^^^^^^^ help: if this is intentional, prefix it with an underscore: 
`_vault_id`

error[E0507]: cannot move out of `certificate.certificate_id` which is behind a shared reference
   --> contracts\vesting_contracts\src\certificate_registry.rs:386:33
    |
386 |         loyalty_certs.push_back(certificate.certificate_id);
    |                                 ^^^^^^^^^^^^^^^^^^^^^^^^^^ move occurs because `certificate.certificate_id` has 
type `soroban_sdk::U256`, which does not implement the `Copy` trait
    |
help: consider cloning the value if the performance cost is acceptable
    |
386 |         loyalty_certs.push_back(certificate.certificate_id.clone());
    |                                                           ++++++++

error[E0507]: cannot move out of `certificate.certificate_id` which is behind a shared reference
   --> contracts\vesting_contracts\src\certificate_registry.rs:394:30
    |
394 |         time_certs.push_back(certificate.certificate_id);
    |                              ^^^^^^^^^^^^^^^^^^^^^^^^^^ move occurs because `certificate.certificate_id` has 
type `soroban_sdk::U256`, which does not implement the `Copy` trait
    |
help: consider cloning the value if the performance cost is acceptable
    |
394 |         time_certs.push_back(certificate.certificate_id.clone());
    |                                                        ++++++++

warning: unused variable: `vault_id`
    --> contracts\vesting_contracts\src\lib.rs:1132:41
     |
1132 |     fn is_vault_fully_vested(env: &Env, vault_id: u64, vault: &Vault) -> bool {
     |                                         ^^^^^^^^ help: if this is intentional, prefix it with an underscore: 
`_vault_id`

warning: variable `total_released` is assigned to, but never used
    --> contracts\vesting_contracts\src\lib.rs:1655:13
     |
1655 |         let mut total_released = 0i128;
     |             ^^^^^^^^^^^^^^^^^^
     |
     = note: consider using `_total_released` instead

warning: value assigned to `total_released` is never read
    --> contracts\vesting_contracts\src\lib.rs:1658:13
     |
1658 |             total_released += allocation.released_amount;
     |             ^^^^^^^^^^^^^^^^^^^^^^^^^^^^^^^^^^^^^^^^^^^^
     |
     = help: maybe it is overwritten before being read?
     = note: `#[warn(unused_assignments)]` (part of `#[warn(unused)]`) on by default

Some errors have detailed explanations: E0034, E0061, E0277, E0308, E0369, E0401, E0425, E0428, E0432...
For more information about an error, try `rustc --explain E0034`.
warning: `vesting_contracts` (lib) generated 42 warnings
error: could not compile `vesting_contracts` (lib) due to 82 previous errors; 42 warnings emitted
